../Core/Src/main.c:104:5:main	16	static
../Core/Src/main.c:256:6:SystemClock_Config	88	static
../Core/Src/main.c:302:13:MX_I2C1_Init	8	static
../Core/Src/main.c:336:13:MX_SDIO_SD_Init	4	static
../Core/Src/main.c:364:13:MX_TIM2_Init	48	static
../Core/Src/main.c:426:13:MX_TIM3_Init	48	static
../Core/Src/main.c:488:13:MX_TIM4_Init	64	static
../Core/Src/main.c:551:13:MX_TIM6_Init	16	static
../Core/Src/main.c:589:13:MX_TIM7_Init	16	static
../Core/Src/main.c:627:13:MX_TIM8_Init	96	static
../Core/Src/main.c:704:13:MX_DMA_Init	16	static
../Core/Src/main.c:725:13:MX_GPIO_Init	48	static
../Core/Src/main.c:766:6:HAL_TIM_IC_CaptureCallback	16	static
../Core/Src/main.c:777:6:Error_Handler	4	static,ignoring_inline_asm
